1 11 20 
2 11 12 
3 12 13 
4 13 14 
5 14 15 
6 15 16 
7 16 17 
8 17 18 
9 18 19 
10 19 20 
11 1 2 21 
12 2 3 23 
13 3 4 24 
14 4 5 25 
15 5 6 26 
16 6 7 27 
17 7 8 29 
18 8 9 30 
19 9 10 31 
20 1 10 32 
21 11 33 
22 34 
23 12 35 
24 13 36 37 
25 14 38 
26 15 39 
27 16 40 
28 41 
29 17 42 
30 18 43 44 
31 19 45 
32 20 46 
33 21 
34 22 
35 23 
36 24 
37 24 
38 25 
39 26 
40 27 
41 28 
42 29 
43 30 
44 30 
45 31 
46 32 
47 67 
48 68 
49 69 
50 51 70 
51 50 52 71 
52 51 53 72 
53 52 73 
54 74 
55 75 
56 76 
57 77 
58 78 
59 79 
60 61 80 
61 60 62 81 
62 61 63 82 
63 62 83 
64 84 
65 85 
66 86 
67 47 87 
68 48 88 
69 49 89 
70 50 71 90 
71 51 70 72 91 
72 52 71 73 92 
73 53 72 93 
74 54 94 
75 55 95 
76 56 96 
77 57 97 
78 58 98 
79 59 99 
80 60 81 100 
81 61 80 82 101 
82 62 81 83 102 
83 63 82 103 
84 64 104 
85 65 105 
86 66 106 
87 67 107 108 
88 68 109 110 
89 69 111 
90 70 91 111 112 
91 71 90 92 113 
92 72 91 93 114 
93 73 92 115 116 
94 74 116 
95 75 117 118 
96 76 119 120 
97 77 121 122 
98 78 123 124 
99 79 125 
100 80 101 125 126 
101 81 100 102 127 
102 82 101 103 128 
103 83 102 129 130 
104 84 130 
105 85 131 132 
106 86 133 134 
107 87 108 134 135 
108 87 107 109 136 
109 88 108 110 137 
110 88 109 138 
111 89 90 112 139 
112 90 111 113 140 
113 91 112 114 141 
114 92 113 115 142 
115 93 114 116 143 
116 93 94 115 144 
117 95 118 145 
118 95 117 119 146 
119 96 118 120 147 
120 96 119 121 148 
121 97 120 122 149 
122 97 121 123 150 
123 98 122 124 151 
124 98 123 152 
125 99 100 126 153 
126 100 125 127 154 
127 101 126 128 155 
128 102 127 129 156 
129 103 128 130 157 
130 103 104 129 158 
131 105 132 159 
132 105 131 133 160 
133 106 132 134 161 
134 106 107 133 162 
135 107 136 162 
136 108 135 137 
137 109 136 
138 110 139 
139 111 138 140 
140 112 139 141 
141 113 140 142 
142 114 141 143 
143 115 142 144 
144 116 143 145 
145 117 144 
146 118 147 
147 119 146 148 
148 120 147 149 
149 121 148 150 
150 122 149 151 
151 123 150 
152 124 153 
153 125 152 154 
154 126 153 155 
155 127 154 156 
156 128 155 157 
157 129 156 158 
158 130 157 159 
159 131 158 
160 132 161 
161 133 160 162 
162 134 135 161 
163 164 172 173 192 
164 163 173 174 193 
165 166 177 178 196 
166 165 178 179 197 
167 168 182 183 200 
168 167 183 184 201 
169 170 187 188 204 
170 169 188 189 205 
171 172 190 191 
172 163 171 173 191 192 
173 163 164 172 174 192 193 208 
174 164 173 175 193 194 
175 174 176 194 
176 175 177 195 
177 165 176 178 195 196 
178 165 166 177 179 196 197 211 
179 166 178 180 197 198 
180 179 181 198 
181 180 182 199 
182 167 181 183 199 200 
183 167 168 182 184 200 201 214 
184 168 183 185 201 202 
185 184 186 202 
186 185 187 203 
187 169 186 188 203 204 
188 169 170 187 189 204 205 217 
189 170 188 190 205 206 
190 171 189 206 
191 171 172 192 206 207 
192 163 172 173 191 193 207 208 
193 164 173 174 192 194 208 209 
194 174 175 193 195 209 
195 176 177 194 196 210 
196 165 177 178 195 197 210 211 
197 166 178 179 196 198 211 212 
198 179 180 197 199 212 
199 181 182 198 200 213 
200 167 182 183 199 201 213 214 
201 168 183 184 200 202 214 215 
202 184 185 201 203 215 
203 186 187 202 204 216 
204 169 187 188 203 205 216 217 
205 170 188 189 204 206 217 218 
206 189 190 191 205 218 
207 191 192 208 218 219 
208 173 192 193 207 209 219 220 
209 193 194 208 210 220 
210 195 196 209 211 221 
211 178 196 197 210 212 221 222 
212 197 198 211 213 222 
213 199 200 212 214 223 
214 183 200 201 213 215 223 224 
215 201 202 214 216 224 
216 203 204 215 217 225 
217 188 204 205 216 218 225 226 
218 205 206 207 217 226 
219 207 208 220 226 
220 208 209 219 221 
221 210 211 220 222 
222 211 212 221 223 
223 213 214 222 224 
224 214 215 223 225 
225 216 217 224 226 
226 217 218 219 225 
